d:\a_mylearning\shikirenderer\shikirenderer\x64\debug\vc143.pdb
d:\a_mylearning\shikirenderer\shikirenderer\x64\debug\vc143.idb
d:\a_mylearning\shikirenderer\shikirenderer\x64\debug\glad.obj
d:\a_mylearning\shikirenderer\shikirenderer\x64\debug\shader.obj
d:\a_mylearning\shikirenderer\shikirenderer\x64\debug\main.obj
d:\a_mylearning\shikirenderer\shikirenderer\x64\debug\imgui_widgets.obj
d:\a_mylearning\shikirenderer\shikirenderer\x64\debug\imgui_tables.obj
d:\a_mylearning\shikirenderer\shikirenderer\x64\debug\imgui_impl_opengl3.obj
d:\a_mylearning\shikirenderer\shikirenderer\x64\debug\imgui_impl_glfw.obj
d:\a_mylearning\shikirenderer\shikirenderer\x64\debug\imgui_draw.obj
d:\a_mylearning\shikirenderer\shikirenderer\x64\debug\imgui_demo.obj
d:\a_mylearning\shikirenderer\shikirenderer\x64\debug\imgui.obj
d:\a_mylearning\shikirenderer\shikirenderer\x64\debug\gui.obj
d:\a_mylearning\shikirenderer\shikirenderer\x64\debug\stb_image.obj
d:\a_mylearning\shikirenderer\shikirenderer\x64\debug\renderstate.obj
d:\a_mylearning\shikirenderer\shikirenderer\x64\debug\camera.obj
d:\a_mylearning\shikirenderer\shikirenderer\x64\debug\object.obj
d:\a_mylearning\shikirenderer\shikirenderer\x64\debug\mesh.obj
d:\a_mylearning\shikirenderer\shikirenderer\x64\debug\model.obj
d:\a_mylearning\shikirenderer\shikirenderer\x64\debug\window.obj
d:\a_mylearning\shikirenderer\shikirenderer\x64\debug\draw.obj
d:\a_mylearning\shikirenderer\shikirenderer\x64\debug\light.obj
d:\a_mylearning\shikirenderer\x64\debug\shikirenderer.exe
d:\a_mylearning\shikirenderer\x64\debug\shikirenderer.pdb
d:\a_mylearning\shikirenderer\shikirenderer\x64\debug\shikirenderer.ilk
d:\a_mylearning\shikirenderer\shikirenderer\x64\debug\defaultoperation.obj
d:\a_mylearning\shikirenderer\x64\debug\shikirenderer.ilk
d:\a_mylearning\shikirenderer\shikirenderer\x64\debug\shikirenderer.tlog\cl.command.1.tlog
d:\a_mylearning\shikirenderer\shikirenderer\x64\debug\shikirenderer.tlog\cl.items.tlog
d:\a_mylearning\shikirenderer\shikirenderer\x64\debug\shikirenderer.tlog\cl.read.1.tlog
d:\a_mylearning\shikirenderer\shikirenderer\x64\debug\shikirenderer.tlog\cl.write.1.tlog
d:\a_mylearning\shikirenderer\shikirenderer\x64\debug\shikirenderer.tlog\link.command.1.tlog
d:\a_mylearning\shikirenderer\shikirenderer\x64\debug\shikirenderer.tlog\link.read.1.tlog
d:\a_mylearning\shikirenderer\shikirenderer\x64\debug\shikirenderer.tlog\link.secondary.1.tlog
d:\a_mylearning\shikirenderer\shikirenderer\x64\debug\shikirenderer.tlog\link.write.1.tlog
